﻿
> youthpti26@0.0.0 build
> vite build

[36mvite v8.0.14 [32mbuilding client environment for production...[36m[39m
[2K
transforming...Γ£ô 453 modules transformed.
rendering chunks...
computing gzip size...
dist/index.html                                         0.64 kB Γöé gzip:   0.39 kB
dist/assets/wavy_blob-B7rJp9eG.png                     44.76 kB
dist/assets/GalanoGrotesqueRegular-DyyNcigU.otf        46.02 kB
dist/assets/society_logo-IzhHn8XJ.png                  46.04 kB
dist/assets/lazy_dog-7zc3KkuN.ttf                      49.62 kB
dist/assets/squiggly_line-B1YzcWT4.png                 56.92 kB
dist/assets/envelope_open-BfczyQ0C.png                 57.76 kB
dist/assets/envelope_closed-ShyXsz72.png               64.95 kB
dist/assets/music_notes-CNlg5E3w.png                   71.04 kB
dist/assets/hero_group-BkHWpHEF.jpeg                   85.11 kB
dist/assets/wa_qr-DL2kVWin.png                         90.00 kB
dist/assets/paintbrush_arm-DTv41jig.png               128.72 kB
dist/assets/ig_qr-CMAMCwOx.png                        137.03 kB
dist/assets/cassette_tapes-63UHmN35.png               192.16 kB
dist/assets/parchment_card-lxmqaNIz.png               195.27 kB
dist/assets/typewriter-DQgdHwn6.png                   257.93 kB
dist/assets/smiley-DmY_lSGD.png                       325.98 kB
dist/assets/tea_cup-Brf-tZef.png                      340.51 kB
dist/assets/Letteria Pro Script Regular-Cc324HE_.ttf  546.92 kB
dist/assets/index-vGZQ-Jtc.css                         17.25 kB Γöé gzip:   4.58 kB
dist/assets/index-BgNYil46.js                         336.54 kB Γöé gzip: 107.04 kB

[32mΓ£ô built in 1.08s[39m
